round should begin with 0
winner not winer
pause not pause
winer colum in excel
bazar, freelancer disable

calibration